// Jest Snapshot v1, https://goo.gl/fbAQLP

exports[`should create correct action 1`] = `
Object {
  "meta": undefined,
  "payload": "zpa",
  "type": "SELECT_AUTOCOMPLETION_ITEM",
}
`;
